1454334501794699
1460372544681909
578052768234698
1548366296203932
1785419255489010
1214641892973613
1580163036700245
715701117788874
538511279174985
777321944156916
1554156831662003
936247588001353
1044395264152840
973577465011785
935665825329108
837351305605275
1463048244693745
1495850792105791
1588182328624480
588722966939839
1438501604161302
917211397907696
3007960242928271
423120580531798
1078267754247747
1046693553229228
1009700903446580
2007034246715274
415915964388296
1398416821658894
541622412213229
714732071449779
1008442671748702
952285370185151
1055375739226560
1251091686600747
2542295189476174
1121143638733439
1560940378389417
400311642642815
618726217606314
746524025132764
1763298134259220
1277829834142076
1648922708987958
2128187930926895
1653921372202153
1273528286959313
569151215516146
1240973583731277
1874818653247441
699156273103919
521710090478908
2273658876431665
546490548293499
1701667543870519
2728107257537171
1520712095638815
1425893995857972
869104675492897
772153849268855
645462471290190
1426274998010106
966476195383238
1211825017759158
1381215239779091
902825922693310
2430589520687445
317156041011927
2575769059433590
2399781750537180
2573637563017350
1129332065962141
972753761393341
1529673281562845
3188158901346515
4562985857266431
572638431883835
894373952478156
1745186602838342
677950491940975
589317343699035
1993309531130953
346229391768549
933021318831130
1224235022545322
9622973074457790
533440836267850
1398849461861915
1206494823817793
2307620122980592
421648254084826
1422877878773868
1349265339900571
25614776694783750
2513902099069721
1039720710506080
2109007229533571
1162425256013104
1303074218007369
